D:/en.i-cube_lrwan/STM32CubeExpansion_LRWAN_V2.1.0/Projects/NUCLEO-L152RE/Applications/LoRaWAN/LoRaWAN_End_Node/Core/Src/stm32_lpm_if.c:80:6:PWR_EnterOffMode	0	static
D:/en.i-cube_lrwan/STM32CubeExpansion_LRWAN_V2.1.0/Projects/NUCLEO-L152RE/Applications/LoRaWAN/LoRaWAN_End_Node/Core/Src/stm32_lpm_if.c:94:6:PWR_EnterStopMode	8	static,ignoring_inline_asm
D:/en.i-cube_lrwan/STM32CubeExpansion_LRWAN_V2.1.0/Projects/NUCLEO-L152RE/Applications/LoRaWAN/LoRaWAN_End_Node/Core/Src/stm32_lpm_if.c:119:6:PWR_ExitStopMode	8	static,ignoring_inline_asm
D:/en.i-cube_lrwan/STM32CubeExpansion_LRWAN_V2.1.0/Projects/NUCLEO-L152RE/Applications/LoRaWAN/LoRaWAN_End_Node/Core/Src/stm32_lpm_if.c:155:6:PWR_EnterSleepMode	0	static
D:/en.i-cube_lrwan/STM32CubeExpansion_LRWAN_V2.1.0/Projects/NUCLEO-L152RE/Applications/LoRaWAN/LoRaWAN_End_Node/Core/Src/stm32_lpm_if.c:169:6:PWR_ExitSleepMode	0	static
D:/en.i-cube_lrwan/STM32CubeExpansion_LRWAN_V2.1.0/Projects/NUCLEO-L152RE/Applications/LoRaWAN/LoRaWAN_End_Node/Core/Src/stm32_lpm_if.c:87:6:PWR_ExitOffMode	0	static
