D:/en.i-cube_lrwan/STM32CubeExpansion_LRWAN_V2.1.0/Projects/NUCLEO-L152RE/Applications/LoRaWAN/LoRaWAN_End_Node/Core/Src/stm32l1xx_it.c:73:6:NMI_Handler	0	static
D:/en.i-cube_lrwan/STM32CubeExpansion_LRWAN_V2.1.0/Projects/NUCLEO-L152RE/Applications/LoRaWAN/LoRaWAN_End_Node/Core/Src/stm32l1xx_it.c:86:6:HardFault_Handler	0	static,ignoring_inline_asm
D:/en.i-cube_lrwan/STM32CubeExpansion_LRWAN_V2.1.0/Projects/NUCLEO-L152RE/Applications/LoRaWAN/LoRaWAN_End_Node/Core/Src/stm32l1xx_it.c:102:6:MemManage_Handler	0	static
D:/en.i-cube_lrwan/STM32CubeExpansion_LRWAN_V2.1.0/Projects/NUCLEO-L152RE/Applications/LoRaWAN/LoRaWAN_End_Node/Core/Src/stm32l1xx_it.c:117:6:BusFault_Handler	0	static
D:/en.i-cube_lrwan/STM32CubeExpansion_LRWAN_V2.1.0/Projects/NUCLEO-L152RE/Applications/LoRaWAN/LoRaWAN_End_Node/Core/Src/stm32l1xx_it.c:132:6:UsageFault_Handler	0	static
D:/en.i-cube_lrwan/STM32CubeExpansion_LRWAN_V2.1.0/Projects/NUCLEO-L152RE/Applications/LoRaWAN/LoRaWAN_End_Node/Core/Src/stm32l1xx_it.c:147:6:SVC_Handler	0	static
D:/en.i-cube_lrwan/STM32CubeExpansion_LRWAN_V2.1.0/Projects/NUCLEO-L152RE/Applications/LoRaWAN/LoRaWAN_End_Node/Core/Src/stm32l1xx_it.c:160:6:DebugMon_Handler	0	static
D:/en.i-cube_lrwan/STM32CubeExpansion_LRWAN_V2.1.0/Projects/NUCLEO-L152RE/Applications/LoRaWAN/LoRaWAN_End_Node/Core/Src/stm32l1xx_it.c:173:6:PendSV_Handler	0	static
D:/en.i-cube_lrwan/STM32CubeExpansion_LRWAN_V2.1.0/Projects/NUCLEO-L152RE/Applications/LoRaWAN/LoRaWAN_End_Node/Core/Src/stm32l1xx_it.c:186:6:SysTick_Handler	0	static
D:/en.i-cube_lrwan/STM32CubeExpansion_LRWAN_V2.1.0/Projects/NUCLEO-L152RE/Applications/LoRaWAN/LoRaWAN_End_Node/Core/Src/stm32l1xx_it.c:213:6:EXTI0_IRQHandler	0	static
D:/en.i-cube_lrwan/STM32CubeExpansion_LRWAN_V2.1.0/Projects/NUCLEO-L152RE/Applications/LoRaWAN/LoRaWAN_End_Node/Core/Src/stm32l1xx_it.c:217:6:EXTI1_IRQHandler	0	static
D:/en.i-cube_lrwan/STM32CubeExpansion_LRWAN_V2.1.0/Projects/NUCLEO-L152RE/Applications/LoRaWAN/LoRaWAN_End_Node/Core/Src/stm32l1xx_it.c:221:6:EXTI2_IRQHandler	0	static
D:/en.i-cube_lrwan/STM32CubeExpansion_LRWAN_V2.1.0/Projects/NUCLEO-L152RE/Applications/LoRaWAN/LoRaWAN_End_Node/Core/Src/stm32l1xx_it.c:225:6:EXTI3_IRQHandler	0	static
D:/en.i-cube_lrwan/STM32CubeExpansion_LRWAN_V2.1.0/Projects/NUCLEO-L152RE/Applications/LoRaWAN/LoRaWAN_End_Node/Core/Src/stm32l1xx_it.c:232:6:EXTI4_IRQHandler	0	static
D:/en.i-cube_lrwan/STM32CubeExpansion_LRWAN_V2.1.0/Projects/NUCLEO-L152RE/Applications/LoRaWAN/LoRaWAN_End_Node/Core/Src/stm32l1xx_it.c:237:6:EXTI9_5_IRQHandler	0	static
D:/en.i-cube_lrwan/STM32CubeExpansion_LRWAN_V2.1.0/Projects/NUCLEO-L152RE/Applications/LoRaWAN/LoRaWAN_End_Node/Core/Src/stm32l1xx_it.c:244:6:EXTI15_10_IRQHandler	0	static
D:/en.i-cube_lrwan/STM32CubeExpansion_LRWAN_V2.1.0/Projects/NUCLEO-L152RE/Applications/LoRaWAN/LoRaWAN_End_Node/Core/Src/stm32l1xx_it.c:252:6:DMA1_Channel7_IRQHandler	0	static
D:/en.i-cube_lrwan/STM32CubeExpansion_LRWAN_V2.1.0/Projects/NUCLEO-L152RE/Applications/LoRaWAN/LoRaWAN_End_Node/Core/Src/stm32l1xx_it.c:266:6:USART2_IRQHandler	0	static
D:/en.i-cube_lrwan/STM32CubeExpansion_LRWAN_V2.1.0/Projects/NUCLEO-L152RE/Applications/LoRaWAN/LoRaWAN_End_Node/Core/Src/stm32l1xx_it.c:280:6:RTC_Alarm_IRQHandler	0	static
