D:/en.i-cube_lrwan/STM32CubeExpansion_LRWAN_V2.1.0/Middlewares/Third_Party/LoRaWAN/Mac/Region/Region.c:544:6:RegionIsActive	0	static
D:/en.i-cube_lrwan/STM32CubeExpansion_LRWAN_V2.1.0/Middlewares/Third_Party/LoRaWAN/Mac/Region/Region.c:565:12:RegionGetPhyParam	8	static
D:/en.i-cube_lrwan/STM32CubeExpansion_LRWAN_V2.1.0/Middlewares/Third_Party/LoRaWAN/Mac/Region/Region.c:587:6:RegionSetBandTxDone	0	static
D:/en.i-cube_lrwan/STM32CubeExpansion_LRWAN_V2.1.0/Middlewares/Third_Party/LoRaWAN/Mac/Region/Region.c:608:6:RegionInitDefaults	0	static
D:/en.i-cube_lrwan/STM32CubeExpansion_LRWAN_V2.1.0/Middlewares/Third_Party/LoRaWAN/Mac/Region/Region.c:629:6:RegionVerify	0	static
D:/en.i-cube_lrwan/STM32CubeExpansion_LRWAN_V2.1.0/Middlewares/Third_Party/LoRaWAN/Mac/Region/Region.c:650:6:RegionApplyCFList	0	static
D:/en.i-cube_lrwan/STM32CubeExpansion_LRWAN_V2.1.0/Middlewares/Third_Party/LoRaWAN/Mac/Region/Region.c:671:6:RegionChanMaskSet	0	static
D:/en.i-cube_lrwan/STM32CubeExpansion_LRWAN_V2.1.0/Middlewares/Third_Party/LoRaWAN/Mac/Region/Region.c:692:6:RegionComputeRxWindowParameters	4	static
D:/en.i-cube_lrwan/STM32CubeExpansion_LRWAN_V2.1.0/Middlewares/Third_Party/LoRaWAN/Mac/Region/Region.c:713:6:RegionRxConfig	0	static
D:/en.i-cube_lrwan/STM32CubeExpansion_LRWAN_V2.1.0/Middlewares/Third_Party/LoRaWAN/Mac/Region/Region.c:734:6:RegionTxConfig	4	static
D:/en.i-cube_lrwan/STM32CubeExpansion_LRWAN_V2.1.0/Middlewares/Third_Party/LoRaWAN/Mac/Region/Region.c:755:9:RegionLinkAdrReq	8	static
D:/en.i-cube_lrwan/STM32CubeExpansion_LRWAN_V2.1.0/Middlewares/Third_Party/LoRaWAN/Mac/Region/Region.c:776:9:RegionRxParamSetupReq	0	static
D:/en.i-cube_lrwan/STM32CubeExpansion_LRWAN_V2.1.0/Middlewares/Third_Party/LoRaWAN/Mac/Region/Region.c:797:8:RegionNewChannelReq	0	static
D:/en.i-cube_lrwan/STM32CubeExpansion_LRWAN_V2.1.0/Middlewares/Third_Party/LoRaWAN/Mac/Region/Region.c:818:8:RegionTxParamSetupReq	0	static
D:/en.i-cube_lrwan/STM32CubeExpansion_LRWAN_V2.1.0/Middlewares/Third_Party/LoRaWAN/Mac/Region/Region.c:839:8:RegionDlChannelReq	0	static
D:/en.i-cube_lrwan/STM32CubeExpansion_LRWAN_V2.1.0/Middlewares/Third_Party/LoRaWAN/Mac/Region/Region.c:860:8:RegionAlternateDr	0	static
D:/en.i-cube_lrwan/STM32CubeExpansion_LRWAN_V2.1.0/Middlewares/Third_Party/LoRaWAN/Mac/Region/Region.c:881:17:RegionNextChannel	4	static
D:/en.i-cube_lrwan/STM32CubeExpansion_LRWAN_V2.1.0/Middlewares/Third_Party/LoRaWAN/Mac/Region/Region.c:902:17:RegionChannelAdd	0	static
D:/en.i-cube_lrwan/STM32CubeExpansion_LRWAN_V2.1.0/Middlewares/Third_Party/LoRaWAN/Mac/Region/Region.c:923:6:RegionChannelsRemove	0	static
D:/en.i-cube_lrwan/STM32CubeExpansion_LRWAN_V2.1.0/Middlewares/Third_Party/LoRaWAN/Mac/Region/Region.c:944:6:RegionSetContinuousWave	0	static
D:/en.i-cube_lrwan/STM32CubeExpansion_LRWAN_V2.1.0/Middlewares/Third_Party/LoRaWAN/Mac/Region/Region.c:965:9:RegionApplyDrOffset	4	static
D:/en.i-cube_lrwan/STM32CubeExpansion_LRWAN_V2.1.0/Middlewares/Third_Party/LoRaWAN/Mac/Region/Region.c:986:6:RegionRxBeaconSetup	0	static
D:/en.i-cube_lrwan/STM32CubeExpansion_LRWAN_V2.1.0/Middlewares/Third_Party/LoRaWAN/Mac/Region/Region.c:1007:11:RegionGetVersion	0	static
