D:/en.i-cube_lrwan/STM32CubeExpansion_LRWAN_V2.1.0/Projects/NUCLEO-L152RE/Applications/LoRaWAN/LoRaWAN_End_Node/LoRaWAN/Target/nucleo_l152re_bus.c:116:9:BSP_SPI1_DeInit	8	static
D:/en.i-cube_lrwan/STM32CubeExpansion_LRWAN_V2.1.0/Projects/NUCLEO-L152RE/Applications/LoRaWAN/LoRaWAN_End_Node/LoRaWAN/Target/nucleo_l152re_bus.c:138:9:BSP_SPI1_Send	8	static
D:/en.i-cube_lrwan/STM32CubeExpansion_LRWAN_V2.1.0/Projects/NUCLEO-L152RE/Applications/LoRaWAN/LoRaWAN_End_Node/LoRaWAN/Target/nucleo_l152re_bus.c:155:10:BSP_SPI1_Recv	8	static
D:/en.i-cube_lrwan/STM32CubeExpansion_LRWAN_V2.1.0/Projects/NUCLEO-L152RE/Applications/LoRaWAN/LoRaWAN_End_Node/LoRaWAN/Target/nucleo_l152re_bus.c:172:9:BSP_SPI1_SendRecv	16	static
D:/en.i-cube_lrwan/STM32CubeExpansion_LRWAN_V2.1.0/Projects/NUCLEO-L152RE/Applications/LoRaWAN/LoRaWAN_End_Node/LoRaWAN/Target/nucleo_l152re_bus.c:241:9:BSP_GetTick	0	static
D:/en.i-cube_lrwan/STM32CubeExpansion_LRWAN_V2.1.0/Projects/NUCLEO-L152RE/Applications/LoRaWAN/LoRaWAN_End_Node/LoRaWAN/Target/nucleo_l152re_bus.c:248:26:MX_SPI1_Init	16	static
D:/en.i-cube_lrwan/STM32CubeExpansion_LRWAN_V2.1.0/Projects/NUCLEO-L152RE/Applications/LoRaWAN/LoRaWAN_End_Node/LoRaWAN/Target/nucleo_l152re_bus.c:81:9:BSP_SPI1_Init	40	static
D:/en.i-cube_lrwan/STM32CubeExpansion_LRWAN_V2.1.0/Projects/NUCLEO-L152RE/Applications/LoRaWAN/LoRaWAN_End_Node/LoRaWAN/Target/nucleo_l152re_bus.c:470:9:BSP_I2C1_DeInit	8	static
D:/en.i-cube_lrwan/STM32CubeExpansion_LRWAN_V2.1.0/Projects/NUCLEO-L152RE/Applications/LoRaWAN/LoRaWAN_End_Node/LoRaWAN/Target/nucleo_l152re_bus.c:498:9:BSP_I2C1_IsReady	8	static
D:/en.i-cube_lrwan/STM32CubeExpansion_LRWAN_V2.1.0/Projects/NUCLEO-L152RE/Applications/LoRaWAN/LoRaWAN_End_Node/LoRaWAN/Target/nucleo_l152re_bus.c:519:9:BSP_I2C1_WriteReg	24	static
D:/en.i-cube_lrwan/STM32CubeExpansion_LRWAN_V2.1.0/Projects/NUCLEO-L152RE/Applications/LoRaWAN/LoRaWAN_End_Node/LoRaWAN/Target/nucleo_l152re_bus.c:545:10:BSP_I2C1_ReadReg	24	static
D:/en.i-cube_lrwan/STM32CubeExpansion_LRWAN_V2.1.0/Projects/NUCLEO-L152RE/Applications/LoRaWAN/LoRaWAN_End_Node/LoRaWAN/Target/nucleo_l152re_bus.c:573:9:BSP_I2C1_WriteReg16	24	static
D:/en.i-cube_lrwan/STM32CubeExpansion_LRWAN_V2.1.0/Projects/NUCLEO-L152RE/Applications/LoRaWAN/LoRaWAN_End_Node/LoRaWAN/Target/nucleo_l152re_bus.c:598:10:BSP_I2C1_ReadReg16	24	static
D:/en.i-cube_lrwan/STM32CubeExpansion_LRWAN_V2.1.0/Projects/NUCLEO-L152RE/Applications/LoRaWAN/LoRaWAN_End_Node/LoRaWAN/Target/nucleo_l152re_bus.c:623:9:BSP_I2C1_Send	16	static
D:/en.i-cube_lrwan/STM32CubeExpansion_LRWAN_V2.1.0/Projects/NUCLEO-L152RE/Applications/LoRaWAN/LoRaWAN_End_Node/LoRaWAN/Target/nucleo_l152re_bus.c:649:9:BSP_I2C1_Recv	16	static
D:/en.i-cube_lrwan/STM32CubeExpansion_LRWAN_V2.1.0/Projects/NUCLEO-L152RE/Applications/LoRaWAN/LoRaWAN_End_Node/LoRaWAN/Target/nucleo_l152re_bus.c:723:26:MX_I2C1_Init	8	static
D:/en.i-cube_lrwan/STM32CubeExpansion_LRWAN_V2.1.0/Projects/NUCLEO-L152RE/Applications/LoRaWAN/LoRaWAN_End_Node/LoRaWAN/Target/nucleo_l152re_bus.c:426:9:BSP_I2C1_Init	64	static
