D:/en.i-cube_lrwan/STM32CubeExpansion_LRWAN_V2.1.0/Drivers/BSP/SX1262DVK1DAS/sx1262dvk1das.c:68:6:SX1262DVK1DAS_RADIO_IoInit	104	static
D:/en.i-cube_lrwan/STM32CubeExpansion_LRWAN_V2.1.0/Drivers/BSP/SX1262DVK1DAS/sx1262dvk1das.c:114:6:SX1262DVK1DAS_RADIO_IoDeInit	48	static
D:/en.i-cube_lrwan/STM32CubeExpansion_LRWAN_V2.1.0/Drivers/BSP/SX1262DVK1DAS/sx1262dvk1das.c:124:6:SX1262DVK1DAS_RADIO_IoIrqInit	16	static
D:/en.i-cube_lrwan/STM32CubeExpansion_LRWAN_V2.1.0/Drivers/BSP/SX1262DVK1DAS/sx1262dvk1das.c:138:6:SX1262DVK1DAS_RADIO_IRQHandler	0	static
D:/en.i-cube_lrwan/STM32CubeExpansion_LRWAN_V2.1.0/Drivers/BSP/SX1262DVK1DAS/sx1262dvk1das.c:143:10:SX1262DVK1DAS_RADIO_GetWakeUpTime	0	static
D:/en.i-cube_lrwan/STM32CubeExpansion_LRWAN_V2.1.0/Drivers/BSP/SX1262DVK1DAS/sx1262dvk1das.c:148:6:SX1262DVK1DAS_RADIO_Reset	48	static
D:/en.i-cube_lrwan/STM32CubeExpansion_LRWAN_V2.1.0/Drivers/BSP/SX1262DVK1DAS/sx1262dvk1das.c:178:6:SX1262DVK1DAS_RADIO_WaitOnBusy	8	static
D:/en.i-cube_lrwan/STM32CubeExpansion_LRWAN_V2.1.0/Drivers/BSP/SX1262DVK1DAS/sx1262dvk1das.c:198:6:SX1262DVK1DAS_RADIO_ChipSelect	0	static
D:/en.i-cube_lrwan/STM32CubeExpansion_LRWAN_V2.1.0/Drivers/BSP/SX1262DVK1DAS/sx1262dvk1das.c:210:9:SX1262DVK1DAS_RADIO_GetPaSelect	8	static
D:/en.i-cube_lrwan/STM32CubeExpansion_LRWAN_V2.1.0/Drivers/BSP/SX1262DVK1DAS/sx1262dvk1das.c:222:6:SX1262DVK1DAS_RADIO_SetAntSw	0	static
D:/en.i-cube_lrwan/STM32CubeExpansion_LRWAN_V2.1.0/Drivers/BSP/SX1262DVK1DAS/sx1262dvk1das.c:238:6:SX1262DVK1DAS_RADIO_CheckRfFrequency	0	static
D:/en.i-cube_lrwan/STM32CubeExpansion_LRWAN_V2.1.0/Drivers/BSP/SX1262DVK1DAS/sx1262dvk1das.c:244:6:SX1262DVK1DAS_RADIO_BoardIsTcxo	0	static
D:/en.i-cube_lrwan/STM32CubeExpansion_LRWAN_V2.1.0/Drivers/BSP/SX1262DVK1DAS/sx1262dvk1das.c:250:6:SX1262DVK1DAS_RADIO_BoardSetLedTx	0	static
D:/en.i-cube_lrwan/STM32CubeExpansion_LRWAN_V2.1.0/Drivers/BSP/SX1262DVK1DAS/sx1262dvk1das.c:262:6:SX1262DVK1DAS_RADIO_BoardSetLedRx	0	static
D:/en.i-cube_lrwan/STM32CubeExpansion_LRWAN_V2.1.0/Drivers/BSP/SX1262DVK1DAS/sx1262dvk1das.c:275:6:SX1262DVK1DAS_RADIO_Bus_Init	0	static
D:/en.i-cube_lrwan/STM32CubeExpansion_LRWAN_V2.1.0/Drivers/BSP/SX1262DVK1DAS/sx1262dvk1das.c:280:6:SX1262DVK1DAS_RADIO_Bus_deInit	0	static
D:/en.i-cube_lrwan/STM32CubeExpansion_LRWAN_V2.1.0/Drivers/BSP/SX1262DVK1DAS/sx1262dvk1das.c:290:10:SX1262DVK1DAS_RADIO_SendRecv	24	static
D:/en.i-cube_lrwan/STM32CubeExpansion_LRWAN_V2.1.0/Drivers/BSP/SX1262DVK1DAS/sx1262dvk1das.c:183:6:SX1262DVK1DAS_RADIO_WakeUp	8	static
