D:/en.i-cube_lrwan/STM32CubeExpansion_LRWAN_V2.1.0/Middlewares/Third_Party/SubGHz_Phy/sx126x/radio.c:895:6:RadioCheckRfFrequency	0	static
D:/en.i-cube_lrwan/STM32CubeExpansion_LRWAN_V2.1.0/Middlewares/Third_Party/SubGHz_Phy/sx126x/radio.c:1256:6:RadioOnTxTimeoutIrq	0	static
D:/en.i-cube_lrwan/STM32CubeExpansion_LRWAN_V2.1.0/Middlewares/Third_Party/SubGHz_Phy/sx126x/radio.c:1264:6:RadioOnRxTimeoutIrq	0	static
D:/en.i-cube_lrwan/STM32CubeExpansion_LRWAN_V2.1.0/Middlewares/Third_Party/SubGHz_Phy/sx126x/radio.c:1086:6:RadioStandby	0	static
D:/en.i-cube_lrwan/STM32CubeExpansion_LRWAN_V2.1.0/Middlewares/Third_Party/SubGHz_Phy/sx126x/radio.c:569:14:RadioGetStatus	8	static
D:/en.i-cube_lrwan/STM32CubeExpansion_LRWAN_V2.1.0/Middlewares/Third_Party/SubGHz_Phy/sx126x/radio.c:607:6:RadioSetChannel	0	static
D:/en.i-cube_lrwan/STM32CubeExpansion_LRWAN_V2.1.0/Middlewares/Third_Party/SubGHz_Phy/sx126x/radio.c:1200:9:RadioRead	0	static
D:/en.i-cube_lrwan/STM32CubeExpansion_LRWAN_V2.1.0/Middlewares/Third_Party/SubGHz_Phy/sx126x/radio.c:1195:6:RadioWrite	0	static
D:/en.i-cube_lrwan/STM32CubeExpansion_LRWAN_V2.1.0/Middlewares/Third_Party/SubGHz_Phy/sx126x/radio.c:1054:6:RadioSend	16	static
D:/en.i-cube_lrwan/STM32CubeExpansion_LRWAN_V2.1.0/Middlewares/Third_Party/SubGHz_Phy/sx126x/radio.c:1076:6:RadioSleep	8	static
D:/en.i-cube_lrwan/STM32CubeExpansion_LRWAN_V2.1.0/Middlewares/Third_Party/SubGHz_Phy/sx126x/radio.c:1137:6:RadioSetRxDutyCycle	0	static
D:/en.i-cube_lrwan/STM32CubeExpansion_LRWAN_V2.1.0/Middlewares/Third_Party/SubGHz_Phy/sx126x/radio.c:1210:6:RadioReadBuffer	0	static
D:/en.i-cube_lrwan/STM32CubeExpansion_LRWAN_V2.1.0/Middlewares/Third_Party/SubGHz_Phy/sx126x/radio.c:1205:6:RadioWriteBuffer	0	static
D:/en.i-cube_lrwan/STM32CubeExpansion_LRWAN_V2.1.0/Middlewares/Third_Party/SubGHz_Phy/sx126x/radio.c:1172:6:RadioStartCad	8	static
D:/en.i-cube_lrwan/STM32CubeExpansion_LRWAN_V2.1.0/Middlewares/Third_Party/SubGHz_Phy/sx126x/radio.c:1178:6:RadioSetTxContinuousWave	16	static
D:/en.i-cube_lrwan/STM32CubeExpansion_LRWAN_V2.1.0/Middlewares/Third_Party/SubGHz_Phy/sx126x/radio.c:1190:9:RadioRssi	8	static
D:/en.i-cube_lrwan/STM32CubeExpansion_LRWAN_V2.1.0/Middlewares/Third_Party/SubGHz_Phy/sx126x/radio.c:1251:10:RadioGetWakeupTime	8	static
D:/en.i-cube_lrwan/STM32CubeExpansion_LRWAN_V2.1.0/Middlewares/Third_Party/SubGHz_Phy/sx126x/radio.c:524:16:RadioGetFskBandwidthRegValue	0	static
D:/en.i-cube_lrwan/STM32CubeExpansion_LRWAN_V2.1.0/Middlewares/Third_Party/SubGHz_Phy/sx126x/radio.c:1215:6:RadioSetMaxPayloadLength	0	static
D:/en.i-cube_lrwan/STM32CubeExpansion_LRWAN_V2.1.0/Middlewares/Third_Party/SubGHz_Phy/sx126x/radio.c:1091:6:RadioRx	8	static
D:/en.i-cube_lrwan/STM32CubeExpansion_LRWAN_V2.1.0/Middlewares/Third_Party/SubGHz_Phy/sx126x/radio.c:1114:6:RadioRxBoosted	8	static
D:/en.i-cube_lrwan/STM32CubeExpansion_LRWAN_V2.1.0/Middlewares/Third_Party/SubGHz_Phy/sx126x/radio.c:1279:6:RadioIrqProcess	24	static,ignoring_inline_asm
D:/en.i-cube_lrwan/STM32CubeExpansion_LRWAN_V2.1.0/Middlewares/Third_Party/SubGHz_Phy/sx126x/radio.c:1272:6:RadioOnDioIrq	0	static
D:/en.i-cube_lrwan/STM32CubeExpansion_LRWAN_V2.1.0/Middlewares/Third_Party/SubGHz_Phy/sx126x/radio.c:1023:10:RadioTimeOnAir	20	static
D:/en.i-cube_lrwan/STM32CubeExpansion_LRWAN_V2.1.0/Middlewares/Third_Party/SubGHz_Phy/sx126x/radio.c:1232:6:RadioSetPublicNetwork	8	static
D:/en.i-cube_lrwan/STM32CubeExpansion_LRWAN_V2.1.0/Middlewares/Third_Party/SubGHz_Phy/sx126x/radio.c:584:6:RadioSetModem.part.0	8	static
D:/en.i-cube_lrwan/STM32CubeExpansion_LRWAN_V2.1.0/Middlewares/Third_Party/SubGHz_Phy/sx126x/radio.c:584:6:RadioSetModem	8	static
D:/en.i-cube_lrwan/STM32CubeExpansion_LRWAN_V2.1.0/Middlewares/Third_Party/SubGHz_Phy/sx126x/radio.c:665:6:RadioSetRxConfig	56	static
D:/en.i-cube_lrwan/STM32CubeExpansion_LRWAN_V2.1.0/Middlewares/Third_Party/SubGHz_Phy/sx126x/radio.c:791:6:RadioSetTxConfig	48	static
D:/en.i-cube_lrwan/STM32CubeExpansion_LRWAN_V2.1.0/Middlewares/Third_Party/SubGHz_Phy/sx126x/radio.c:612:6:RadioIsChannelFree	64	static
D:/en.i-cube_lrwan/STM32CubeExpansion_LRWAN_V2.1.0/Middlewares/Third_Party/SubGHz_Phy/sx126x/radio.c:646:10:RadioRandom	8	static
D:/en.i-cube_lrwan/STM32CubeExpansion_LRWAN_V2.1.0/Middlewares/Third_Party/SubGHz_Phy/sx126x/radio.c:1142:6:RadioAddRegisterToRetentionList	32	static
D:/en.i-cube_lrwan/STM32CubeExpansion_LRWAN_V2.1.0/Middlewares/Third_Party/SubGHz_Phy/sx126x/radio.c:544:10:RadioInit	24	static
