D:/en.i-cube_lrwan/STM32CubeExpansion_LRWAN_V2.1.0/Middlewares/Third_Party/SubGHz_Phy/sx126x/sx126x.c:179:23:SX126xGetOperatingMode	0	static
D:/en.i-cube_lrwan/STM32CubeExpansion_LRWAN_V2.1.0/Middlewares/Third_Party/SubGHz_Phy/sx126x/sx126x.c:184:6:SX126xSetOperatingMode	0	static
D:/en.i-cube_lrwan/STM32CubeExpansion_LRWAN_V2.1.0/Middlewares/Third_Party/SubGHz_Phy/sx126x/sx126x.c:189:6:SX126xCheckDeviceReady	8	static
D:/en.i-cube_lrwan/STM32CubeExpansion_LRWAN_V2.1.0/Middlewares/Third_Party/SubGHz_Phy/sx126x/sx126x.c:584:20:SX126xGetPacketType	0	static
D:/en.i-cube_lrwan/STM32CubeExpansion_LRWAN_V2.1.0/Middlewares/Third_Party/SubGHz_Phy/sx126x/sx126x.c:888:6:SX126xWriteCommand	16	static
D:/en.i-cube_lrwan/STM32CubeExpansion_LRWAN_V2.1.0/Middlewares/Third_Party/SubGHz_Phy/sx126x/sx126x.c:311:6:SX126xSetSleep	24	static
D:/en.i-cube_lrwan/STM32CubeExpansion_LRWAN_V2.1.0/Middlewares/Third_Party/SubGHz_Phy/sx126x/sx126x.c:328:6:SX126xSetStandby	16	static
D:/en.i-cube_lrwan/STM32CubeExpansion_LRWAN_V2.1.0/Middlewares/Third_Party/SubGHz_Phy/sx126x/sx126x.c:341:6:SX126xSetFs	8	static
D:/en.i-cube_lrwan/STM32CubeExpansion_LRWAN_V2.1.0/Middlewares/Third_Party/SubGHz_Phy/sx126x/sx126x.c:347:6:SX126xSetTx	16	static
D:/en.i-cube_lrwan/STM32CubeExpansion_LRWAN_V2.1.0/Middlewares/Third_Party/SubGHz_Phy/sx126x/sx126x.c:391:6:SX126xSetRxDutyCycle	16	static
D:/en.i-cube_lrwan/STM32CubeExpansion_LRWAN_V2.1.0/Middlewares/Third_Party/SubGHz_Phy/sx126x/sx126x.c:405:6:SX126xSetCad	8	static
D:/en.i-cube_lrwan/STM32CubeExpansion_LRWAN_V2.1.0/Middlewares/Third_Party/SubGHz_Phy/sx126x/sx126x.c:411:6:SX126xSetTxContinuousWave	8	static
D:/en.i-cube_lrwan/STM32CubeExpansion_LRWAN_V2.1.0/Middlewares/Third_Party/SubGHz_Phy/sx126x/sx126x.c:417:6:SX126xSetTxInfinitePreamble	8	static
D:/en.i-cube_lrwan/STM32CubeExpansion_LRWAN_V2.1.0/Middlewares/Third_Party/SubGHz_Phy/sx126x/sx126x.c:423:6:SX126xSetStopRxTimerOnPreambleDetect	16	static
D:/en.i-cube_lrwan/STM32CubeExpansion_LRWAN_V2.1.0/Middlewares/Third_Party/SubGHz_Phy/sx126x/sx126x.c:452:6:SX126xSetRegulatorMode	16	static
D:/en.i-cube_lrwan/STM32CubeExpansion_LRWAN_V2.1.0/Middlewares/Third_Party/SubGHz_Phy/sx126x/sx126x.c:457:6:SX126xCalibrate	16	static
D:/en.i-cube_lrwan/STM32CubeExpansion_LRWAN_V2.1.0/Middlewares/Third_Party/SubGHz_Phy/sx126x/sx126x.c:470:6:SX126xCalibrateImage	16	static
D:/en.i-cube_lrwan/STM32CubeExpansion_LRWAN_V2.1.0/Middlewares/Third_Party/SubGHz_Phy/sx126x/sx126x.c:502:6:SX126xSetPaConfig	16	static
D:/en.i-cube_lrwan/STM32CubeExpansion_LRWAN_V2.1.0/Middlewares/Third_Party/SubGHz_Phy/sx126x/sx126x.c:513:6:SX126xSetRxTxFallbackMode	16	static
D:/en.i-cube_lrwan/STM32CubeExpansion_LRWAN_V2.1.0/Middlewares/Third_Party/SubGHz_Phy/sx126x/sx126x.c:518:6:SX126xSetDioIrqParams	16	static
D:/en.i-cube_lrwan/STM32CubeExpansion_LRWAN_V2.1.0/Middlewares/Third_Party/SubGHz_Phy/sx126x/sx126x.c:541:6:SX126xSetDio2AsRfSwitchCtrl	16	static
D:/en.i-cube_lrwan/STM32CubeExpansion_LRWAN_V2.1.0/Middlewares/Third_Party/SubGHz_Phy/sx126x/sx126x.c:546:6:SX126xSetDio3AsTcxoCtrl	16	static
D:/en.i-cube_lrwan/STM32CubeExpansion_LRWAN_V2.1.0/Middlewares/Third_Party/SubGHz_Phy/sx126x/sx126x.c:151:6:SX126xInit	16	static
D:/en.i-cube_lrwan/STM32CubeExpansion_LRWAN_V2.1.0/Middlewares/Third_Party/SubGHz_Phy/sx126x/sx126x.c:558:6:SX126xSetRfFrequency	24	static
D:/en.i-cube_lrwan/STM32CubeExpansion_LRWAN_V2.1.0/Middlewares/Third_Party/SubGHz_Phy/sx126x/sx126x.c:577:6:SX126xSetPacketType	16	static
D:/en.i-cube_lrwan/STM32CubeExpansion_LRWAN_V2.1.0/Middlewares/Third_Party/SubGHz_Phy/sx126x/sx126x.c:638:6:SX126xSetModulationParams	16	static
D:/en.i-cube_lrwan/STM32CubeExpansion_LRWAN_V2.1.0/Middlewares/Third_Party/SubGHz_Phy/sx126x/sx126x.c:742:6:SX126xSetCadParams	16	static
D:/en.i-cube_lrwan/STM32CubeExpansion_LRWAN_V2.1.0/Middlewares/Third_Party/SubGHz_Phy/sx126x/sx126x.c:757:6:SX126xSetBufferBaseAddress	16	static
D:/en.i-cube_lrwan/STM32CubeExpansion_LRWAN_V2.1.0/Middlewares/Third_Party/SubGHz_Phy/sx126x/sx126x.c:857:6:SX126xClearDeviceErrors	16	static
D:/en.i-cube_lrwan/STM32CubeExpansion_LRWAN_V2.1.0/Middlewares/Third_Party/SubGHz_Phy/sx126x/sx126x.c:863:6:SX126xClearIrqStatus	16	static
D:/en.i-cube_lrwan/STM32CubeExpansion_LRWAN_V2.1.0/Middlewares/Third_Party/SubGHz_Phy/sx126x/sx126x.c:909:9:SX126xReadCommand	16	static
D:/en.i-cube_lrwan/STM32CubeExpansion_LRWAN_V2.1.0/Middlewares/Third_Party/SubGHz_Phy/sx126x/sx126x.c:533:10:SX126xGetIrqStatus	16	static
D:/en.i-cube_lrwan/STM32CubeExpansion_LRWAN_V2.1.0/Middlewares/Third_Party/SubGHz_Phy/sx126x/sx126x.c:766:15:SX126xGetStatus	8	static
D:/en.i-cube_lrwan/STM32CubeExpansion_LRWAN_V2.1.0/Middlewares/Third_Party/SubGHz_Phy/sx126x/sx126x.c:777:8:SX126xGetRssiInst	16	static
D:/en.i-cube_lrwan/STM32CubeExpansion_LRWAN_V2.1.0/Middlewares/Third_Party/SubGHz_Phy/sx126x/sx126x.c:806:6:SX126xGetPacketStatus	16	static
D:/en.i-cube_lrwan/STM32CubeExpansion_LRWAN_V2.1.0/Middlewares/Third_Party/SubGHz_Phy/sx126x/sx126x.c:840:14:SX126xGetDeviceErrors	16	static
D:/en.i-cube_lrwan/STM32CubeExpansion_LRWAN_V2.1.0/Middlewares/Third_Party/SubGHz_Phy/sx126x/sx126x.c:931:6:SX126xWriteRegisters	16	static
D:/en.i-cube_lrwan/STM32CubeExpansion_LRWAN_V2.1.0/Middlewares/Third_Party/SubGHz_Phy/sx126x/sx126x.c:224:9:SX126xSetSyncWord	8	static
D:/en.i-cube_lrwan/STM32CubeExpansion_LRWAN_V2.1.0/Middlewares/Third_Party/SubGHz_Phy/sx126x/sx126x.c:230:6:SX126xSetCrcSeed	16	static
D:/en.i-cube_lrwan/STM32CubeExpansion_LRWAN_V2.1.0/Middlewares/Third_Party/SubGHz_Phy/sx126x/sx126x.c:248:6:SX126xSetCrcPolynomial	16	static
D:/en.i-cube_lrwan/STM32CubeExpansion_LRWAN_V2.1.0/Middlewares/Third_Party/SubGHz_Phy/sx126x/sx126x.c:683:6:SX126xSetPacketParams	32	static
D:/en.i-cube_lrwan/STM32CubeExpansion_LRWAN_V2.1.0/Middlewares/Third_Party/SubGHz_Phy/sx126x/sx126x.c:951:6:SX126xWriteRegister	16	static
D:/en.i-cube_lrwan/STM32CubeExpansion_LRWAN_V2.1.0/Middlewares/Third_Party/SubGHz_Phy/sx126x/sx126x.c:361:6:SX126xSetRx	16	static
D:/en.i-cube_lrwan/STM32CubeExpansion_LRWAN_V2.1.0/Middlewares/Third_Party/SubGHz_Phy/sx126x/sx126x.c:377:6:SX126xSetRxBoosted	16	static
D:/en.i-cube_lrwan/STM32CubeExpansion_LRWAN_V2.1.0/Middlewares/Third_Party/SubGHz_Phy/sx126x/sx126x.c:428:6:SX126xSetLoRaSymbNumTimeout	24	static
D:/en.i-cube_lrwan/STM32CubeExpansion_LRWAN_V2.1.0/Middlewares/Third_Party/SubGHz_Phy/sx126x/sx126x.c:956:6:SX126xReadRegisters	16	static
D:/en.i-cube_lrwan/STM32CubeExpansion_LRWAN_V2.1.0/Middlewares/Third_Party/SubGHz_Phy/sx126x/sx126x.c:975:9:SX126xReadRegister	16	static
D:/en.i-cube_lrwan/STM32CubeExpansion_LRWAN_V2.1.0/Middlewares/Third_Party/SubGHz_Phy/sx126x/sx126x.c:266:6:SX126xSetWhiteningSeed	8	static
D:/en.i-cube_lrwan/STM32CubeExpansion_LRWAN_V2.1.0/Middlewares/Third_Party/SubGHz_Phy/sx126x/sx126x.c:284:10:SX126xGetRandom	24	static
D:/en.i-cube_lrwan/STM32CubeExpansion_LRWAN_V2.1.0/Middlewares/Third_Party/SubGHz_Phy/sx126x/sx126x.c:594:6:SX126xSetTxParams	24	static
D:/en.i-cube_lrwan/STM32CubeExpansion_LRWAN_V2.1.0/Middlewares/Third_Party/SubGHz_Phy/sx126x/sx126x.c:589:6:SX126xSetRfTxPower	0	static
D:/en.i-cube_lrwan/STM32CubeExpansion_LRWAN_V2.1.0/Middlewares/Third_Party/SubGHz_Phy/sx126x/sx126x.c:787:6:SX126xGetRxBufferStatus	24	static
D:/en.i-cube_lrwan/STM32CubeExpansion_LRWAN_V2.1.0/Middlewares/Third_Party/SubGHz_Phy/sx126x/sx126x.c:982:6:SX126xWriteBuffer	16	static
D:/en.i-cube_lrwan/STM32CubeExpansion_LRWAN_V2.1.0/Middlewares/Third_Party/SubGHz_Phy/sx126x/sx126x.c:200:6:SX126xSetPayload	0	static
D:/en.i-cube_lrwan/STM32CubeExpansion_LRWAN_V2.1.0/Middlewares/Third_Party/SubGHz_Phy/sx126x/sx126x.c:218:6:SX126xSendPayload	8	static
D:/en.i-cube_lrwan/STM32CubeExpansion_LRWAN_V2.1.0/Middlewares/Third_Party/SubGHz_Phy/sx126x/sx126x.c:999:6:SX126xReadBuffer	16	static
D:/en.i-cube_lrwan/STM32CubeExpansion_LRWAN_V2.1.0/Middlewares/Third_Party/SubGHz_Phy/sx126x/sx126x.c:205:9:SX126xGetPayload	32	static
