D:/en.i-cube_lrwan/STM32CubeExpansion_LRWAN_V2.1.0/Projects/NUCLEO-L476RG/Applications/LoRaWAN/LoRaWAN_End_Node/Core/Src/sys_app.c:316:13:tiny_snprintf_like.constprop	16	static
D:/en.i-cube_lrwan/STM32CubeExpansion_LRWAN_V2.1.0/Projects/NUCLEO-L476RG/Applications/LoRaWAN/LoRaWAN_End_Node/Core/Src/sys_app.c:241:13:TimestampNow	32	static
D:/en.i-cube_lrwan/STM32CubeExpansion_LRWAN_V2.1.0/Projects/NUCLEO-L476RG/Applications/LoRaWAN/LoRaWAN_End_Node/Core/Src/sys_app.c:95:6:SystemApp_Init	48	static
D:/en.i-cube_lrwan/STM32CubeExpansion_LRWAN_V2.1.0/Projects/NUCLEO-L476RG/Applications/LoRaWAN/LoRaWAN_End_Node/Core/Src/sys_app.c:152:6:UTIL_SEQ_Idle	0	static
D:/en.i-cube_lrwan/STM32CubeExpansion_LRWAN_V2.1.0/Projects/NUCLEO-L476RG/Applications/LoRaWAN/LoRaWAN_End_Node/Core/Src/sys_app.c:163:9:GetBatteryLevel	16	static
D:/en.i-cube_lrwan/STM32CubeExpansion_LRWAN_V2.1.0/Projects/NUCLEO-L476RG/Applications/LoRaWAN/LoRaWAN_End_Node/Core/Src/sys_app.c:197:10:GetTemperatureLevel	8	static
D:/en.i-cube_lrwan/STM32CubeExpansion_LRWAN_V2.1.0/Projects/NUCLEO-L476RG/Applications/LoRaWAN/LoRaWAN_End_Node/Core/Src/sys_app.c:208:6:GetUniqueId	16	static
D:/en.i-cube_lrwan/STM32CubeExpansion_LRWAN_V2.1.0/Projects/NUCLEO-L476RG/Applications/LoRaWAN/LoRaWAN_End_Node/Core/Src/sys_app.c:230:10:GetDevAddr	8	static
D:/en.i-cube_lrwan/STM32CubeExpansion_LRWAN_V2.1.0/Projects/NUCLEO-L476RG/Applications/LoRaWAN/LoRaWAN_End_Node/Core/Src/sys_app.c:294:6:UTIL_ADV_TRACE_PreSendHook	0	static
D:/en.i-cube_lrwan/STM32CubeExpansion_LRWAN_V2.1.0/Projects/NUCLEO-L476RG/Applications/LoRaWAN/LoRaWAN_End_Node/Core/Src/sys_app.c:305:6:UTIL_ADV_TRACE_PostSendHook	0	static
D:/en.i-cube_lrwan/STM32CubeExpansion_LRWAN_V2.1.0/Projects/NUCLEO-L476RG/Applications/LoRaWAN/LoRaWAN_End_Node/Core/Src/sys_app.c:339:19:HAL_InitTick	0	static
D:/en.i-cube_lrwan/STM32CubeExpansion_LRWAN_V2.1.0/Projects/NUCLEO-L476RG/Applications/LoRaWAN/LoRaWAN_End_Node/Core/Src/sys_app.c:354:10:HAL_GetTick	0	static
D:/en.i-cube_lrwan/STM32CubeExpansion_LRWAN_V2.1.0/Projects/NUCLEO-L476RG/Applications/LoRaWAN/LoRaWAN_End_Node/Core/Src/sys_app.c:368:6:HAL_Delay	8	static
