D:/en.i-cube_lrwan/STM32CubeExpansion_LRWAN_V2.1.0/Projects/NUCLEO-L476RG/Applications/LoRaWAN/LoRaWAN_End_Node/Core/Src/usart_if.c:102:25:vcom_Init	8	static
D:/en.i-cube_lrwan/STM32CubeExpansion_LRWAN_V2.1.0/Projects/NUCLEO-L476RG/Applications/LoRaWAN/LoRaWAN_End_Node/Core/Src/usart_if.c:116:25:vcom_DeInit	8	static
D:/en.i-cube_lrwan/STM32CubeExpansion_LRWAN_V2.1.0/Projects/NUCLEO-L476RG/Applications/LoRaWAN/LoRaWAN_End_Node/Core/Src/usart_if.c:150:25:vcom_Trace_DMA	8	static
D:/en.i-cube_lrwan/STM32CubeExpansion_LRWAN_V2.1.0/Projects/NUCLEO-L476RG/Applications/LoRaWAN/LoRaWAN_End_Node/Core/Src/usart_if.c:162:25:vcom_ReceiveInit	16	static
D:/en.i-cube_lrwan/STM32CubeExpansion_LRWAN_V2.1.0/Projects/NUCLEO-L476RG/Applications/LoRaWAN/LoRaWAN_End_Node/Core/Src/usart_if.c:139:6:vcom_Trace	0	static
D:/en.i-cube_lrwan/STM32CubeExpansion_LRWAN_V2.1.0/Projects/NUCLEO-L476RG/Applications/LoRaWAN/LoRaWAN_End_Node/Core/Src/usart_if.c:198:6:vcom_Resume	8	static
D:/en.i-cube_lrwan/STM32CubeExpansion_LRWAN_V2.1.0/Projects/NUCLEO-L476RG/Applications/LoRaWAN/LoRaWAN_End_Node/Core/Src/usart_if.c:219:6:HAL_UART_TxCpltCallback	0	static
D:/en.i-cube_lrwan/STM32CubeExpansion_LRWAN_V2.1.0/Projects/NUCLEO-L476RG/Applications/LoRaWAN/LoRaWAN_End_Node/Core/Src/usart_if.c:231:6:HAL_UART_RxCpltCallback	8	static
