D:/en.i-cube_lrwan/STM32CubeExpansion_LRWAN_V2.1.0/Drivers/STM32L1xx_HAL_Driver/Src/stm32l1xx_hal_rtc.c:684:13:HAL_RTC_MspInit	0	static
D:/en.i-cube_lrwan/STM32CubeExpansion_LRWAN_V2.1.0/Drivers/STM32L1xx_HAL_Driver/Src/stm32l1xx_hal_rtc.c:699:13:HAL_RTC_MspDeInit	0	static
D:/en.i-cube_lrwan/STM32CubeExpansion_LRWAN_V2.1.0/Drivers/STM32L1xx_HAL_Driver/Src/stm32l1xx_hal_rtc.c:1054:6:HAL_RTC_DST_Add1Hour	0	static
D:/en.i-cube_lrwan/STM32CubeExpansion_LRWAN_V2.1.0/Drivers/STM32L1xx_HAL_Driver/Src/stm32l1xx_hal_rtc.c:1068:6:HAL_RTC_DST_Sub1Hour	0	static
D:/en.i-cube_lrwan/STM32CubeExpansion_LRWAN_V2.1.0/Drivers/STM32L1xx_HAL_Driver/Src/stm32l1xx_hal_rtc.c:1082:6:HAL_RTC_DST_SetStoreOperation	0	static
D:/en.i-cube_lrwan/STM32CubeExpansion_LRWAN_V2.1.0/Drivers/STM32L1xx_HAL_Driver/Src/stm32l1xx_hal_rtc.c:1095:6:HAL_RTC_DST_ClearStoreOperation	0	static
D:/en.i-cube_lrwan/STM32CubeExpansion_LRWAN_V2.1.0/Drivers/STM32L1xx_HAL_Driver/Src/stm32l1xx_hal_rtc.c:1107:10:HAL_RTC_DST_ReadStoreOperation	0	static
D:/en.i-cube_lrwan/STM32CubeExpansion_LRWAN_V2.1.0/Drivers/STM32L1xx_HAL_Driver/Src/stm32l1xx_hal_rtc.c:1525:19:HAL_RTC_DeactivateAlarm	16	static
D:/en.i-cube_lrwan/STM32CubeExpansion_LRWAN_V2.1.0/Drivers/STM32L1xx_HAL_Driver/Src/stm32l1xx_hal_rtc.c:1727:13:HAL_RTC_AlarmAEventCallback	0	static
D:/en.i-cube_lrwan/STM32CubeExpansion_LRWAN_V2.1.0/Drivers/STM32L1xx_HAL_Driver/Src/stm32l1xx_hal_rtc.c:1678:6:HAL_RTC_AlarmIRQHandler	8	static
D:/en.i-cube_lrwan/STM32CubeExpansion_LRWAN_V2.1.0/Drivers/STM32L1xx_HAL_Driver/Src/stm32l1xx_hal_rtc.c:1743:19:HAL_RTC_PollForAlarmAEvent	16	static
D:/en.i-cube_lrwan/STM32CubeExpansion_LRWAN_V2.1.0/Drivers/STM32L1xx_HAL_Driver/Src/stm32l1xx_hal_rtc.c:1802:19:HAL_RTC_WaitForSynchro	16	static
D:/en.i-cube_lrwan/STM32CubeExpansion_LRWAN_V2.1.0/Drivers/STM32L1xx_HAL_Driver/Src/stm32l1xx_hal_rtc.c:1852:21:HAL_RTC_GetState	0	static
D:/en.i-cube_lrwan/STM32CubeExpansion_LRWAN_V2.1.0/Drivers/STM32L1xx_HAL_Driver/Src/stm32l1xx_hal_rtc.c:1875:19:RTC_EnterInitMode	16	static
D:/en.i-cube_lrwan/STM32CubeExpansion_LRWAN_V2.1.0/Drivers/STM32L1xx_HAL_Driver/Src/stm32l1xx_hal_rtc.c:243:19:HAL_RTC_Init	16	static
D:/en.i-cube_lrwan/STM32CubeExpansion_LRWAN_V2.1.0/Drivers/STM32L1xx_HAL_Driver/Src/stm32l1xx_hal_rtc.c:363:19:HAL_RTC_DeInit	16	static
D:/en.i-cube_lrwan/STM32CubeExpansion_LRWAN_V2.1.0/Drivers/STM32L1xx_HAL_Driver/Src/stm32l1xx_hal_rtc.c:1905:9:RTC_ByteToBcd2	0	static
D:/en.i-cube_lrwan/STM32CubeExpansion_LRWAN_V2.1.0/Drivers/STM32L1xx_HAL_Driver/Src/stm32l1xx_hal_rtc.c:737:19:HAL_RTC_SetTime	24	static
D:/en.i-cube_lrwan/STM32CubeExpansion_LRWAN_V2.1.0/Drivers/STM32L1xx_HAL_Driver/Src/stm32l1xx_hal_rtc.c:914:19:HAL_RTC_SetDate	24	static
D:/en.i-cube_lrwan/STM32CubeExpansion_LRWAN_V2.1.0/Drivers/STM32L1xx_HAL_Driver/Src/stm32l1xx_hal_rtc.c:1139:19:HAL_RTC_SetAlarm	32	static
D:/en.i-cube_lrwan/STM32CubeExpansion_LRWAN_V2.1.0/Drivers/STM32L1xx_HAL_Driver/Src/stm32l1xx_hal_rtc.c:1332:19:HAL_RTC_SetAlarm_IT	32	static
D:/en.i-cube_lrwan/STM32CubeExpansion_LRWAN_V2.1.0/Drivers/STM32L1xx_HAL_Driver/Src/stm32l1xx_hal_rtc.c:1924:9:RTC_Bcd2ToByte	0	static
D:/en.i-cube_lrwan/STM32CubeExpansion_LRWAN_V2.1.0/Drivers/STM32L1xx_HAL_Driver/Src/stm32l1xx_hal_rtc.c:868:19:HAL_RTC_GetTime	16	static
D:/en.i-cube_lrwan/STM32CubeExpansion_LRWAN_V2.1.0/Drivers/STM32L1xx_HAL_Driver/Src/stm32l1xx_hal_rtc.c:1020:19:HAL_RTC_GetDate	16	static
D:/en.i-cube_lrwan/STM32CubeExpansion_LRWAN_V2.1.0/Drivers/STM32L1xx_HAL_Driver/Src/stm32l1xx_hal_rtc.c:1619:19:HAL_RTC_GetAlarm	24	static
