D:/en.i-cube_lrwan/STM32CubeExpansion_LRWAN_V2.1.0/Drivers/STM32L1xx_HAL_Driver/Src/stm32l1xx_hal_gpio.c:170:6:HAL_GPIO_Init	48	static
D:/en.i-cube_lrwan/STM32CubeExpansion_LRWAN_V2.1.0/Drivers/STM32L1xx_HAL_Driver/Src/stm32l1xx_hal_gpio.c:301:6:HAL_GPIO_DeInit	36	static
D:/en.i-cube_lrwan/STM32CubeExpansion_LRWAN_V2.1.0/Drivers/STM32L1xx_HAL_Driver/Src/stm32l1xx_hal_gpio.c:381:15:HAL_GPIO_ReadPin	0	static
D:/en.i-cube_lrwan/STM32CubeExpansion_LRWAN_V2.1.0/Drivers/STM32L1xx_HAL_Driver/Src/stm32l1xx_hal_gpio.c:413:6:HAL_GPIO_WritePin	0	static
D:/en.i-cube_lrwan/STM32CubeExpansion_LRWAN_V2.1.0/Drivers/STM32L1xx_HAL_Driver/Src/stm32l1xx_hal_gpio.c:435:6:HAL_GPIO_TogglePin	0	static
D:/en.i-cube_lrwan/STM32CubeExpansion_LRWAN_V2.1.0/Drivers/STM32L1xx_HAL_Driver/Src/stm32l1xx_hal_gpio.c:469:19:HAL_GPIO_LockPin	8	static
D:/en.i-cube_lrwan/STM32CubeExpansion_LRWAN_V2.1.0/Drivers/STM32L1xx_HAL_Driver/Src/stm32l1xx_hal_gpio.c:519:13:HAL_GPIO_EXTI_Callback	0	static
D:/en.i-cube_lrwan/STM32CubeExpansion_LRWAN_V2.1.0/Drivers/STM32L1xx_HAL_Driver/Src/stm32l1xx_hal_gpio.c:504:6:HAL_GPIO_EXTI_IRQHandler	8	static
