D:/en.i-cube_lrwan/STM32CubeExpansion_LRWAN_V2.1.0/Drivers/STM32L1xx_HAL_Driver/Src/stm32l1xx_hal_dma.c:143:19:HAL_DMA_Init	8	static
D:/en.i-cube_lrwan/STM32CubeExpansion_LRWAN_V2.1.0/Drivers/STM32L1xx_HAL_Driver/Src/stm32l1xx_hal_dma.c:222:19:HAL_DMA_DeInit	8	static
D:/en.i-cube_lrwan/STM32CubeExpansion_LRWAN_V2.1.0/Drivers/STM32L1xx_HAL_Driver/Src/stm32l1xx_hal_dma.c:314:19:HAL_DMA_Start	20	static
D:/en.i-cube_lrwan/STM32CubeExpansion_LRWAN_V2.1.0/Drivers/STM32L1xx_HAL_Driver/Src/stm32l1xx_hal_dma.c:357:19:HAL_DMA_Start_IT	20	static
D:/en.i-cube_lrwan/STM32CubeExpansion_LRWAN_V2.1.0/Drivers/STM32L1xx_HAL_Driver/Src/stm32l1xx_hal_dma.c:412:19:HAL_DMA_Abort	0	static
D:/en.i-cube_lrwan/STM32CubeExpansion_LRWAN_V2.1.0/Drivers/STM32L1xx_HAL_Driver/Src/stm32l1xx_hal_dma.c:453:19:HAL_DMA_Abort_IT	8	static
D:/en.i-cube_lrwan/STM32CubeExpansion_LRWAN_V2.1.0/Drivers/STM32L1xx_HAL_Driver/Src/stm32l1xx_hal_dma.c:498:19:HAL_DMA_PollForTransfer	32	static
D:/en.i-cube_lrwan/STM32CubeExpansion_LRWAN_V2.1.0/Drivers/STM32L1xx_HAL_Driver/Src/stm32l1xx_hal_dma.c:599:6:HAL_DMA_IRQHandler	12	static
D:/en.i-cube_lrwan/STM32CubeExpansion_LRWAN_V2.1.0/Drivers/STM32L1xx_HAL_Driver/Src/stm32l1xx_hal_dma.c:696:19:HAL_DMA_RegisterCallback	8	static
D:/en.i-cube_lrwan/STM32CubeExpansion_LRWAN_V2.1.0/Drivers/STM32L1xx_HAL_Driver/Src/stm32l1xx_hal_dma.c:747:19:HAL_DMA_UnRegisterCallback	8	static
D:/en.i-cube_lrwan/STM32CubeExpansion_LRWAN_V2.1.0/Drivers/STM32L1xx_HAL_Driver/Src/stm32l1xx_hal_dma.c:825:22:HAL_DMA_GetState	0	static
D:/en.i-cube_lrwan/STM32CubeExpansion_LRWAN_V2.1.0/Drivers/STM32L1xx_HAL_Driver/Src/stm32l1xx_hal_dma.c:837:10:HAL_DMA_GetError	0	static
