D:/en.i-cube_lrwan/STM32CubeExpansion_LRWAN_V2.1.0/Drivers/STM32L1xx_HAL_Driver/Src/stm32l1xx_hal_rcc_ex.c:92:19:HAL_RCCEx_PeriphCLKConfig	32	static
D:/en.i-cube_lrwan/STM32CubeExpansion_LRWAN_V2.1.0/Drivers/STM32L1xx_HAL_Driver/Src/stm32l1xx_hal_rcc_ex.c:231:6:HAL_RCCEx_GetPeriphCLKConfig	0	static
D:/en.i-cube_lrwan/STM32CubeExpansion_LRWAN_V2.1.0/Drivers/STM32L1xx_HAL_Driver/Src/stm32l1xx_hal_rcc_ex.c:268:10:HAL_RCCEx_GetPeriphCLKFreq	0	static
D:/en.i-cube_lrwan/STM32CubeExpansion_LRWAN_V2.1.0/Drivers/STM32L1xx_HAL_Driver/Src/stm32l1xx_hal_rcc_ex.c:360:6:HAL_RCCEx_EnableLSECSS	0	static
D:/en.i-cube_lrwan/STM32CubeExpansion_LRWAN_V2.1.0/Drivers/STM32L1xx_HAL_Driver/Src/stm32l1xx_hal_rcc_ex.c:373:6:HAL_RCCEx_DisableLSECSS	0	static
D:/en.i-cube_lrwan/STM32CubeExpansion_LRWAN_V2.1.0/Drivers/STM32L1xx_HAL_Driver/Src/stm32l1xx_hal_rcc_ex.c:387:6:HAL_RCCEx_EnableLSECSS_IT	0	static
D:/en.i-cube_lrwan/STM32CubeExpansion_LRWAN_V2.1.0/Drivers/STM32L1xx_HAL_Driver/Src/stm32l1xx_hal_rcc_ex.c:421:13:HAL_RCCEx_LSECSS_Callback	0	static
D:/en.i-cube_lrwan/STM32CubeExpansion_LRWAN_V2.1.0/Drivers/STM32L1xx_HAL_Driver/Src/stm32l1xx_hal_rcc_ex.c:404:6:HAL_RCCEx_LSECSS_IRQHandler	8	static
