D:/en.i-cube_lrwan/STM32CubeExpansion_LRWAN_V2.1.0/Middlewares/Third_Party/LoRaWAN/Mac/LoRaMacCrypto.c:562:30:DeriveSessionKey10x	24	static
D:/en.i-cube_lrwan/STM32CubeExpansion_LRWAN_V2.1.0/Middlewares/Third_Party/LoRaWAN/Mac/LoRaMacCrypto.c:158:30:PayloadEncrypt	56	static
D:/en.i-cube_lrwan/STM32CubeExpansion_LRWAN_V2.1.0/Middlewares/Third_Party/LoRaWAN/Mac/LoRaMacCrypto.c:1530:23:LoRaMacCryptoDeriveMcKEKey.part.0	24	static
D:/en.i-cube_lrwan/STM32CubeExpansion_LRWAN_V2.1.0/Middlewares/Third_Party/LoRaWAN/Mac/LoRaMacCrypto.c:708:30:GetLastFcntDown.constprop	0	static
D:/en.i-cube_lrwan/STM32CubeExpansion_LRWAN_V2.1.0/Middlewares/Third_Party/LoRaWAN/Mac/LoRaMacCrypto.c:401:30:VerifyCmacB0.constprop.isra	296	static
D:/en.i-cube_lrwan/STM32CubeExpansion_LRWAN_V2.1.0/Middlewares/Third_Party/LoRaWAN/Mac/LoRaMacCrypto.c:847:23:LoRaMacCryptoInit	8	static
D:/en.i-cube_lrwan/STM32CubeExpansion_LRWAN_V2.1.0/Middlewares/Third_Party/LoRaWAN/Mac/LoRaMacCrypto.c:872:23:LoRaMacCryptoSetLrWanVersion	0	static
D:/en.i-cube_lrwan/STM32CubeExpansion_LRWAN_V2.1.0/Middlewares/Third_Party/LoRaWAN/Mac/LoRaMacCrypto.c:878:23:LoRaMacCryptoGetFCntUp	0	static
D:/en.i-cube_lrwan/STM32CubeExpansion_LRWAN_V2.1.0/Middlewares/Third_Party/LoRaWAN/Mac/LoRaMacCrypto.c:890:23:LoRaMacCryptoGetFCntDown	24	static
D:/en.i-cube_lrwan/STM32CubeExpansion_LRWAN_V2.1.0/Middlewares/Third_Party/LoRaWAN/Mac/LoRaMacCrypto.c:966:23:LoRaMacCryptoSetMulticastReference	0	static
D:/en.i-cube_lrwan/STM32CubeExpansion_LRWAN_V2.1.0/Middlewares/Third_Party/LoRaWAN/Mac/LoRaMacCrypto.c:1002:23:LoRaMacCryptoPrepareJoinRequest	24	static
D:/en.i-cube_lrwan/STM32CubeExpansion_LRWAN_V2.1.0/Middlewares/Third_Party/LoRaWAN/Mac/LoRaMacCrypto.c:1303:23:LoRaMacCryptoSecureMessage	48	static
D:/en.i-cube_lrwan/STM32CubeExpansion_LRWAN_V2.1.0/Middlewares/Third_Party/LoRaWAN/Mac/LoRaMacCrypto.c:1411:23:LoRaMacCryptoUnsecureMessage	40	static
D:/en.i-cube_lrwan/STM32CubeExpansion_LRWAN_V2.1.0/Middlewares/Third_Party/LoRaWAN/Mac/LoRaMacCrypto.c:1509:23:LoRaMacCryptoDeriveMcRootKey	24	static
D:/en.i-cube_lrwan/STM32CubeExpansion_LRWAN_V2.1.0/Middlewares/Third_Party/LoRaWAN/Mac/LoRaMacCrypto.c:981:23:LoRaMacCryptoSetKey	16	static
D:/en.i-cube_lrwan/STM32CubeExpansion_LRWAN_V2.1.0/Middlewares/Third_Party/LoRaWAN/Mac/LoRaMacCrypto.c:1131:23:LoRaMacCryptoHandleJoinAccept	88	static
D:/en.i-cube_lrwan/STM32CubeExpansion_LRWAN_V2.1.0/Middlewares/Third_Party/LoRaWAN/Mac/LoRaMacCrypto.c:1530:23:LoRaMacCryptoDeriveMcKEKey	0	static
D:/en.i-cube_lrwan/STM32CubeExpansion_LRWAN_V2.1.0/Middlewares/Third_Party/LoRaWAN/Mac/LoRaMacCrypto.c:1547:23:LoRaMacCryptoDeriveMcSessionKeyPair	48	static
